Command line invocation:
    /Applications/Xcode.app/Contents/Developer/usr/bin/xcodebuild -scheme Itinero -destination generic/platform=iOS build

Resolve Package Graph


Resolved source packages:
  nanopb: https://github.com/firebase/nanopb.git @ 2.30910.0
  gRPC: https://github.com/google/grpc-binary.git @ 1.69.1
  GoogleUtilities: https://github.com/google/GoogleUtilities.git @ 8.1.0
  GoogleAdsOnDeviceConversion: https://github.com/googleads/google-ads-on-device-conversion-ios-sdk @ 3.3.0
  InteropForGoogle: https://github.com/google/interop-ios-for-google-sdks.git @ 101.0.0
  wishkit-ios-shared: https://github.com/wishkit/wishkit-ios-shared.git @ 1.5.0
  GTMSessionFetcher: https://github.com/google/gtm-session-fetcher.git @ 5.1.0
  GoogleAppMeasurement: https://github.com/google/GoogleAppMeasurement.git @ 12.10.0
  Firebase: https://github.com/firebase/firebase-ios-sdk @ 12.10.0
  AppCheck: https://github.com/google/app-check.git @ 11.2.0
  RevenueCat: https://github.com/RevenueCat/purchases-ios.git @ 4.44.2
  Promises: https://github.com/google/promises.git @ 2.4.0
  leveldb: https://github.com/firebase/leveldb.git @ 1.22.5
  abseil: https://github.com/google/abseil-cpp-binary.git @ 1.2024072200.0
  wishkit-ios: https://github.com/wishkit/wishkit-ios.git @ 4.7.0
  GoogleDataTransport: https://github.com/google/GoogleDataTransport.git @ 10.1.0

ComputePackagePrebuildTargetDependencyGraph

Prepare packages

CreateBuildRequest

SendProjectDescription

CreateBuildOperation

ComputeTargetDependencyGraph
note: Building targets in dependency order
note: Target dependency graph (6 targets)
    Target 'Itinero' in project 'Itinero'
        ➜ Explicit dependency on target 'TriplyWidgetExtensionExtension' in project 'Itinero'
        ➜ Explicit dependency on target 'WishKit' in project 'wishkit-ios'
    Target 'WishKit' in project 'wishkit-ios'
        ➜ Explicit dependency on target 'WishKit' in project 'wishkit-ios'
        ➜ Explicit dependency on target 'WishKitShared' in project 'wishkit-ios-shared'
    Target 'WishKit' in project 'wishkit-ios'
        ➜ Explicit dependency on target 'WishKitShared' in project 'wishkit-ios-shared'
    Target 'WishKitShared' in project 'wishkit-ios-shared'
        ➜ Explicit dependency on target 'WishKitShared' in project 'wishkit-ios-shared'
    Target 'WishKitShared' in project 'wishkit-ios-shared' (no dependencies)
    Target 'TriplyWidgetExtensionExtension' in project 'Itinero' (no dependencies)

GatherProvisioningInputs

CreateBuildDescription

ExecuteExternalTool /Applications/Xcode.app/Contents/Developer/Toolchains/XcodeDefault.xctoolchain/usr/bin/clang -v -E -dM -isysroot /Applications/Xcode.app/Contents/Developer/Platforms/iPhoneOS.platform/Developer/SDKs/iPhoneOS26.1.sdk -x c -c /dev/null

ExecuteExternalTool /Applications/Xcode.app/Contents/Developer/Toolchains/XcodeDefault.xctoolchain/usr/bin/swiftc --version

ExecuteExternalTool /Applications/Xcode.app/Contents/Developer/usr/bin/actool --version --output-format xml1

ExecuteExternalTool /Applications/Xcode.app/Contents/Developer/usr/bin/actool --print-asset-tag-combinations --output-format xml1 /Users/tobiadegoroye/Developer/SwiftUI/Triply/Assets.xcassets

ExecuteExternalTool /Applications/Xcode.app/Contents/Developer/Toolchains/XcodeDefault.xctoolchain/usr/bin/ld -version_details

Build description signature: 5d985e1e36a62060872133ce3a412aec
Build description path: /Users/tobiadegoroye/Library/Developer/Xcode/DerivedData/Itinero-ddatanvrushtpeefdltyxakpvgnm/Build/Intermediates.noindex/XCBuildData/5d985e1e36a62060872133ce3a412aec.xcbuilddata
ClangStatCache /Applications/Xcode.app/Contents/Developer/Toolchains/XcodeDefault.xctoolchain/usr/bin/clang-stat-cache /Applications/Xcode.app/Contents/Developer/Platforms/iPhoneOS.platform/Developer/SDKs/iPhoneOS26.1.sdk /Users/tobiadegoroye/Library/Developer/Xcode/DerivedData/SDKStatCaches.noindex/iphoneos26.1-23B77-69b33fc7382b27d9b5d46e82a00f8e78.sdkstatcache
    cd /Users/tobiadegoroye/Developer/SwiftUI/Triply/Itinero.xcodeproj
    /Applications/Xcode.app/Contents/Developer/Toolchains/XcodeDefault.xctoolchain/usr/bin/clang-stat-cache /Applications/Xcode.app/Contents/Developer/Platforms/iPhoneOS.platform/Developer/SDKs/iPhoneOS26.1.sdk -o /Users/tobiadegoroye/Library/Developer/Xcode/DerivedData/SDKStatCaches.noindex/iphoneos26.1-23B77-69b33fc7382b27d9b5d46e82a00f8e78.sdkstatcache

ProcessInfoPlistFile /Users/tobiadegoroye/Library/Developer/Xcode/DerivedData/Itinero-ddatanvrushtpeefdltyxakpvgnm/Build/Products/Debug-iphoneos/TriplyWidgetExtensionExtension.appex/Info.plist /Users/tobiadegoroye/Developer/SwiftUI/Triply/TriplyWidgetExtension/Info.plist (in target 'TriplyWidgetExtensionExtension' from project 'Itinero')
    cd /Users/tobiadegoroye/Developer/SwiftUI/Triply
    builtin-infoPlistUtility /Users/tobiadegoroye/Developer/SwiftUI/Triply/TriplyWidgetExtension/Info.plist -producttype com.apple.product-type.app-extension -expandbuildsettings -format binary -platform iphoneos -additionalcontentfile /Users/tobiadegoroye/Library/Developer/Xcode/DerivedData/Itinero-ddatanvrushtpeefdltyxakpvgnm/Build/Intermediates.noindex/Itinero.build/Debug-iphoneos/TriplyWidgetExtensionExtension.build/assetcatalog_generated_info.plist -requiredArchitecture arm64 -o /Users/tobiadegoroye/Library/Developer/Xcode/DerivedData/Itinero-ddatanvrushtpeefdltyxakpvgnm/Build/Products/Debug-iphoneos/TriplyWidgetExtensionExtension.appex/Info.plist

SwiftDriver Itinero normal arm64 com.apple.xcode.tools.swift.compiler (in target 'Itinero' from project 'Itinero')
    cd /Users/tobiadegoroye/Developer/SwiftUI/Triply
    builtin-SwiftDriver -- /Applications/Xcode.app/Contents/Developer/Toolchains/XcodeDefault.xctoolchain/usr/bin/swiftc -module-name Itinero -Onone -enforce-exclusivity\=checked @/Users/tobiadegoroye/Library/Developer/Xcode/DerivedData/Itinero-ddatanvrushtpeefdltyxakpvgnm/Build/Intermediates.noindex/Itinero.build/Debug-iphoneos/Itinero.build/Objects-normal/arm64/Itinero.SwiftFileList -DDEBUG -enable-bare-slash-regex -enable-experimental-feature DebugDescriptionMacro -sdk /Applications/Xcode.app/Contents/Developer/Platforms/iPhoneOS.platform/Developer/SDKs/iPhoneOS26.1.sdk -target arm64-apple-ios17.0 -g -module-cache-path /Users/tobiadegoroye/Library/Developer/Xcode/DerivedData/ModuleCache.noindex -Xfrontend -serialize-debugging-options -enable-testing -index-store-path /Users/tobiadegoroye/Library/Developer/Xcode/DerivedData/Itinero-ddatanvrushtpeefdltyxakpvgnm/Index.noindex/DataStore -Xcc -D_LIBCPP_HARDENING_MODE\=_LIBCPP_HARDENING_MODE_DEBUG -swift-version 5 -I /Users/tobiadegoroye/Library/Developer/Xcode/DerivedData/Itinero-ddatanvrushtpeefdltyxakpvgnm/Build/Products/Debug-iphoneos -F /Users/tobiadegoroye/Library/Developer/Xcode/DerivedData/Itinero-ddatanvrushtpeefdltyxakpvgnm/Build/Products/Debug-iphoneos -c -j10 -enable-batch-mode -incremental -Xcc -ivfsstatcache -Xcc /Users/tobiadegoroye/Library/Developer/Xcode/DerivedData/SDKStatCaches.noindex/iphoneos26.1-23B77-69b33fc7382b27d9b5d46e82a00f8e78.sdkstatcache -output-file-map /Users/tobiadegoroye/Library/Developer/Xcode/DerivedData/Itinero-ddatanvrushtpeefdltyxakpvgnm/Build/Intermediates.noindex/Itinero.build/Debug-iphoneos/Itinero.build/Objects-normal/arm64/Itinero-OutputFileMap.json -use-frontend-parseable-output -save-temps -no-color-diagnostics -explicit-module-build -module-cache-path /Users/tobiadegoroye/Library/Developer/Xcode/DerivedData/Itinero-ddatanvrushtpeefdltyxakpvgnm/Build/Intermediates.noindex/SwiftExplicitPrecompiledModules -clang-scanner-module-cache-path /Users/tobiadegoroye/Library/Developer/Xcode/DerivedData/ModuleCache.noindex -sdk-module-cache-path /Users/tobiadegoroye/Library/Developer/Xcode/DerivedData/ModuleCache.noindex -serialize-diagnostics -emit-dependencies -emit-module -emit-module-path /Users/tobiadegoroye/Library/Developer/Xcode/DerivedData/Itinero-ddatanvrushtpeefdltyxakpvgnm/Build/Intermediates.noindex/Itinero.build/Debug-iphoneos/Itinero.build/Objects-normal/arm64/Itinero.swiftmodule -validate-clang-modules-once -clang-build-session-file /Users/tobiadegoroye/Library/Developer/Xcode/DerivedData/ModuleCache.noindex/Session.modulevalidation -Xcc -I/Users/tobiadegoroye/Library/Developer/Xcode/DerivedData/Itinero-ddatanvrushtpeefdltyxakpvgnm/Build/Intermediates.noindex/Itinero.build/Debug-iphoneos/Itinero.build/swift-overrides.hmap -emit-const-values -Xfrontend -const-gather-protocols-file -Xfrontend /Users/tobiadegoroye/Library/Developer/Xcode/DerivedData/Itinero-ddatanvrushtpeefdltyxakpvgnm/Build/Intermediates.noindex/Itinero.build/Debug-iphoneos/Itinero.build/Objects-normal/arm64/Itinero_const_extract_protocols.json -Xcc -iquote -Xcc /Users/tobiadegoroye/Library/Developer/Xcode/DerivedData/Itinero-ddatanvrushtpeefdltyxakpvgnm/Build/Intermediates.noindex/Itinero.build/Debug-iphoneos/Itinero.build/Itinero-generated-files.hmap -Xcc -I/Users/tobiadegoroye/Library/Developer/Xcode/DerivedData/Itinero-ddatanvrushtpeefdltyxakpvgnm/Build/Intermediates.noindex/Itinero.build/Debug-iphoneos/Itinero.build/Itinero-own-target-headers.hmap -Xcc -I/Users/tobiadegoroye/Library/Developer/Xcode/DerivedData/Itinero-ddatanvrushtpeefdltyxakpvgnm/Build/Intermediates.noindex/Itinero.build/Debug-iphoneos/Itinero.build/Itinero-all-non-framework-target-headers.hmap -Xcc -ivfsoverlay -Xcc /Users/tobiadegoroye/Library/Developer/Xcode/DerivedData/Itinero-ddatanvrushtpeefdltyxakpvgnm/Build/Intermediates.noindex/Itinero.build/Debug-iphoneos/Itinero-6ccf2cd472bd10a46b113a7348446068-VFS-iphoneos/all-product-headers.yaml -Xcc -iquote -Xcc /Users/tobiadegoroye/Library/Developer/Xcode/DerivedData/Itinero-ddatanvrushtpeefdltyxakpvgnm/Build/Intermediates.noindex/Itinero.build/Debug-iphoneos/Itinero.build/Itinero-project-headers.hmap -Xcc -I/Users/tobiadegoroye/Library/Developer/Xcode/DerivedData/Itinero-ddatanvrushtpeefdltyxakpvgnm/Build/Products/Debug-iphoneos/include -Xcc -I/Users/tobiadegoroye/Library/Developer/Xcode/DerivedData/Itinero-ddatanvrushtpeefdltyxakpvgnm/Build/Intermediates.noindex/Itinero.build/Debug-iphoneos/Itinero.build/DerivedSources-normal/arm64 -Xcc -I/Users/tobiadegoroye/Library/Developer/Xcode/DerivedData/Itinero-ddatanvrushtpeefdltyxakpvgnm/Build/Intermediates.noindex/Itinero.build/Debug-iphoneos/Itinero.build/DerivedSources/arm64 -Xcc -I/Users/tobiadegoroye/Library/Developer/Xcode/DerivedData/Itinero-ddatanvrushtpeefdltyxakpvgnm/Build/Intermediates.noindex/Itinero.build/Debug-iphoneos/Itinero.build/DerivedSources -Xcc -DDEBUG\=1 -emit-objc-header -emit-objc-header-path /Users/tobiadegoroye/Library/Developer/Xcode/DerivedData/Itinero-ddatanvrushtpeefdltyxakpvgnm/Build/Intermediates.noindex/Itinero.build/Debug-iphoneos/Itinero.build/Objects-normal/arm64/Itinero-Swift.h -working-directory /Users/tobiadegoroye/Developer/SwiftUI/Triply -experimental-emit-module-separately -disable-cmo

SwiftCompile normal arm64 Compiling\ SettingsView.swift /Users/tobiadegoroye/Developer/SwiftUI/Triply/Views/SettingsView.swift (in target 'Itinero' from project 'Itinero')

SwiftCompile normal arm64 /Users/tobiadegoroye/Developer/SwiftUI/Triply/Views/SettingsView.swift (in target 'Itinero' from project 'Itinero')
    cd /Users/tobiadegoroye/Developer/SwiftUI/Triply
    
/Users/tobiadegoroye/Developer/SwiftUI/Triply/Views/SettingsView.swift:250:30: error: cannot find 'RevenueCatManager' in scope
                        Text(RevenueCatManager.shared.isPro ? "Triply Pro is Active" : "Unlock Triply Pro")
                             ^~~~~~~~~~~~~~~~~
/Users/tobiadegoroye/Developer/SwiftUI/Triply/Views/SettingsView.swift:253:30: error: cannot find 'RevenueCatManager' in scope
                        Text(RevenueCatManager.shared.isPro ? "Thank you for supporting development." : "AI planning, smart templates, exports and more.")
                             ^~~~~~~~~~~~~~~~~
/Users/tobiadegoroye/Developer/SwiftUI/Triply/Views/SettingsView.swift:260:21: error: cannot find 'RevenueCatManager' in scope
                if !RevenueCatManager.shared.isPro {
                    ^~~~~~~~~~~~~~~~~
/Users/tobiadegoroye/Developer/SwiftUI/Triply/Views/SettingsView.swift:302:35: error: cannot find 'RevenueCatManager' in scope
                            await RevenueCatManager.shared.restorePurchases()
                                  ^~~~~~~~~~~~~~~~~
/Users/tobiadegoroye/Developer/SwiftUI/Triply/Views/SettingsView.swift:323:26: error: cannot find 'RevenueCatManager' in scope
            if let msg = RevenueCatManager.shared.lastInfoMessage {
                         ^~~~~~~~~~~~~~~~~
/Users/tobiadegoroye/Developer/SwiftUI/Triply/Views/SettingsView.swift:326:33: error: cannot find 'RevenueCatManager' in scope
            } else if let err = RevenueCatManager.shared.lastErrorMessage {
                                ^~~~~~~~~~~~~~~~~
/Users/tobiadegoroye/Developer/SwiftUI/Triply/Views/SettingsView.swift:651:13: warning: initialization of immutable value 'text' was never used; consider replacing with assignment to '_' or removing it
        let text = formattedEmailText()
        ~~~~^~~~
        _

Failed frontend command:
/Applications/Xcode.app/Contents/Developer/Toolchains/XcodeDefault.xctoolchain/usr/bin/swift-frontend -frontend -c -filelist /Users/tobiadegoroye/Library/Developer/Xcode/DerivedData/Itinero-ddatanvrushtpeefdltyxakpvgnm/Build/Intermediates.noindex/Itinero.build/Debug-iphoneos/Itinero.build/Objects-normal/arm64/sources-1 -primary-file /Users/tobiadegoroye/Developer/SwiftUI/Triply/Views/SettingsView.swift -emit-dependencies-path /Users/tobiadegoroye/Library/Developer/Xcode/DerivedData/Itinero-ddatanvrushtpeefdltyxakpvgnm/Build/Intermediates.noindex/Itinero.build/Debug-iphoneos/Itinero.build/Objects-normal/arm64/SettingsView.d -emit-const-values-path /Users/tobiadegoroye/Library/Developer/Xcode/DerivedData/Itinero-ddatanvrushtpeefdltyxakpvgnm/Build/Intermediates.noindex/Itinero.build/Debug-iphoneos/Itinero.build/Objects-normal/arm64/SettingsView.swiftconstvalues -emit-reference-dependencies-path /Users/tobiadegoroye/Library/Developer/Xcode/DerivedData/Itinero-ddatanvrushtpeefdltyxakpvgnm/Build/Intermediates.noindex/Itinero.build/Debug-iphoneos/Itinero.build/Objects-normal/arm64/SettingsView.swiftdeps -serialize-diagnostics-path /Users/tobiadegoroye/Library/Developer/Xcode/DerivedData/Itinero-ddatanvrushtpeefdltyxakpvgnm/Build/Intermediates.noindex/Itinero.build/Debug-iphoneos/Itinero.build/Objects-normal/arm64/SettingsView.dia -target arm64-apple-ios17.0 -module-can-import-version AppIntents 300.1.13.1 300.1.13 -module-can-import-version DeveloperToolsSupport 23.0.4 23.0.4 -module-can-import-version UIKit 9126.1.12.1 9126.1.12 -disable-cross-import-overlay-search -swift-module-cross-import AppIntents /Applications/Xcode.app/Contents/Developer/Platforms/iPhoneOS.platform/Developer/SDKs/iPhoneOS.sdk/System/Library/Frameworks/AppIntents.framework/Modules/AppIntents.swiftcrossimport/SwiftUI.swiftoverlay -swift-module-cross-import AppIntents /Applications/Xcode.app/Contents/Developer/Platforms/iPhoneOS.platform/Developer/SDKs/iPhoneOS.sdk/System/Library/Frameworks/AppIntents.framework/Modules/AppIntents.swiftcrossimport/UIKit.swiftoverlay -swift-module-cross-import AppIntents /Applications/Xcode.app/Contents/Developer/Platforms/iPhoneOS.platform/Developer/SDKs/iPhoneOS26.1.sdk/System/Library/Frameworks/AppIntents.framework/Modules/AppIntents.swiftcrossimport/SwiftUI.swiftoverlay -swift-module-cross-import AppIntents /Applications/Xcode.app/Contents/Developer/Platforms/iPhoneOS.platform/Developer/SDKs/iPhoneOS26.1.sdk/System/Library/Frameworks/AppIntents.framework/Modules/AppIntents.swiftcrossimport/UIKit.swiftoverlay -swift-module-cross-import MapKit /Applications/Xcode.app/Contents/Developer/Platforms/iPhoneOS.platform/Developer/SDKs/iPhoneOS.sdk/System/Library/Frameworks/MapKit.framework/Modules/MapKit.swiftcrossimport/SwiftUI.swiftoverlay -swift-module-cross-import PhotosUI /Applications/Xcode.app/Contents/Developer/Platforms/iPhoneOS.platform/Developer/SDKs/iPhoneOS.sdk/System/Library/Frameworks/PhotosUI.framework/Modules/PhotosUI.swiftcrossimport/SwiftUI.swiftoverlay -swift-module-cross-import PhotosUI /Applications/Xcode.app/Contents/Developer/Platforms/iPhoneOS.platform/Developer/SDKs/iPhoneOS.sdk/System/Library/Frameworks/PhotosUI.framework/Modules/PhotosUI.swiftcrossimport/WidgetKit.swiftoverlay -swift-module-cross-import PhotosUI /Applications/Xcode.app/Contents/Developer/Platforms/iPhoneOS.platform/Developer/SDKs/iPhoneOS26.1.sdk/System/Library/Frameworks/PhotosUI.framework/Modules/PhotosUI.swiftcrossimport/SwiftUI.swiftoverlay -swift-module-cross-import PhotosUI /Applications/Xcode.app/Contents/Developer/Platforms/iPhoneOS.platform/Developer/SDKs/iPhoneOS26.1.sdk/System/Library/Frameworks/PhotosUI.framework/Modules/PhotosUI.swiftcrossimport/WidgetKit.swiftoverlay -swift-module-cross-import RelevanceKit /Applications/Xcode.app/Contents/Developer/Platforms/iPhoneOS.platform/Developer/SDKs/iPhoneOS.sdk/System/Library/Frameworks/RelevanceKit.framework/Modules/RelevanceKit.swiftcrossimport/MapKit.swiftoverlay -swift-module-cross-import RelevanceKit /Applications/Xcode.app/Contents/Developer/Platforms/iPhoneOS.platform/Developer/SDKs/iPhoneOS26.1.sdk/System/Library/Frameworks/RelevanceKit.framework/Modules/RelevanceKit.swiftcrossimport/MapKit.swiftoverlay -swift-module-cross-import StoreKit /Applications/Xcode.app/Contents/Developer/Platforms/iPhoneOS.platform/Developer/SDKs/iPhoneOS.sdk/System/Library/Frameworks/StoreKit.framework/Modules/StoreKit.swiftcrossimport/SwiftUI.swiftoverlay -swift-module-cross-import StoreKit /Applications/Xcode.app/Contents/Developer/Platforms/iPhoneOS.platform/Developer/SDKs/iPhoneOS26.1.sdk/System/Library/Frameworks/StoreKit.framework/Modules/StoreKit.swiftcrossimport/SwiftUI.swiftoverlay -swift-module-cross-import SwiftData /Applications/Xcode.app/Contents/Developer/Platforms/iPhoneOS.platform/Developer/SDKs/iPhoneOS26.1.sdk/System/Library/Frameworks/SwiftData.framework/Modules/SwiftData.swiftcrossimport/CoreData.swiftoverlay -swift-module-cross-import SwiftData /Applications/Xcode.app/Contents/Developer/Platforms/iPhoneOS.platform/Developer/SDKs/iPhoneOS26.1.sdk/System/Library/Frameworks/SwiftData.framework/Modules/SwiftData.swiftcrossimport/SwiftUI.swiftoverlay -load-resolved-plugin /Applications/Xcode.app/Contents/Developer/Platforms/iPhoneOS.platform/Developer/usr/lib/swift/host/plugins/libAppIntentsMacros.dylib\#/Applications/Xcode.app/Contents/Developer/Platforms/iPhoneOS.platform/Developer/usr/bin/swift-plugin-server\#AppIntentsMacros -load-resolved-plugin /Applications/Xcode.app/Contents/Developer/Platforms/iPhoneOS.platform/Developer/usr/lib/swift/host/plugins/libFoundationMacros.dylib\#/Applications/Xcode.app/Contents/Developer/Platforms/iPhoneOS.platform/Developer/usr/bin/swift-plugin-server\#FoundationMacros -load-resolved-plugin /Applications/Xcode.app/Contents/Developer/Platforms/iPhoneOS.platform/Developer/usr/lib/swift/host/plugins/libObservationMacros.dylib\#/Applications/Xcode.app/Contents/Developer/Platforms/iPhoneOS.platform/Developer/usr/bin/swift-plugin-server\#ObservationMacros -load-resolved-plugin /Applications/Xcode.app/Contents/Developer/Platforms/iPhoneOS.platform/Developer/usr/lib/swift/host/plugins/libPreviewsMacros.dylib\#/Applications/Xcode.app/Contents/Developer/Platforms/iPhoneOS.platform/Developer/usr/bin/swift-plugin-server\#PreviewsMacros -load-resolved-plugin /Applications/Xcode.app/Contents/Developer/Platforms/iPhoneOS.platform/Developer/usr/lib/swift/host/plugins/libSwiftDataMacros.dylib\#/Applications/Xcode.app/Contents/Developer/Platforms/iPhoneOS.platform/Developer/usr/bin/swift-plugin-server\#SwiftDataMacros -load-resolved-plugin /Applications/Xcode.app/Contents/Developer/Platforms/iPhoneOS.platform/Developer/usr/lib/swift/host/plugins/libSwiftMacros.dylib\#/Applications/Xcode.app/Contents/Developer/Platforms/iPhoneOS.platform/Developer/usr/bin/swift-plugin-server\#SwiftMacros -load-resolved-plugin /Applications/Xcode.app/Contents/Developer/Platforms/iPhoneOS.platform/Developer/usr/lib/swift/host/plugins/libSwiftUIMacros.dylib\#/Applications/Xcode.app/Contents/Developer/Platforms/iPhoneOS.platform/Developer/usr/bin/swift-plugin-server\#SwiftUIMacros -disable-implicit-swift-modules -Xcc -fno-implicit-modules -Xcc -fno-implicit-module-maps -explicit-swift-module-map-file /Users/tobiadegoroye/Library/Developer/Xcode/DerivedData/Itinero-ddatanvrushtpeefdltyxakpvgnm/Build/Intermediates.noindex/Itinero.build/Debug-iphoneos/Itinero.build/Objects-normal/arm64/Itinero-dependencies-1.json -Xllvm -aarch64-use-tbi -enable-objc-interop -stack-check -sdk /Applications/Xcode.app/Contents/Developer/Platforms/iPhoneOS.platform/Developer/SDKs/iPhoneOS26.1.sdk -I /Users/tobiadegoroye/Library/Developer/Xcode/DerivedData/Itinero-ddatanvrushtpeefdltyxakpvgnm/Build/Products/Debug-iphoneos -F /Users/tobiadegoroye/Library/Developer/Xcode/DerivedData/Itinero-ddatanvrushtpeefdltyxakpvgnm/Build/Products/Debug-iphoneos -no-color-diagnostics -Xcc -fno-color-diagnostics -enable-testing -g -debug-info-format\=dwarf -dwarf-version\=4 -module-cache-path /Users/tobiadegoroye/Library/Developer/Xcode/DerivedData/Itinero-ddatanvrushtpeefdltyxakpvgnm/Build/Intermediates.noindex/SwiftExplicitPrecompiledModules -swift-version 5 -enforce-exclusivity\=checked -Onone -D DEBUG -serialize-debugging-options -const-gather-protocols-file /Users/tobiadegoroye/Library/Developer/Xcode/DerivedData/Itinero-ddatanvrushtpeefdltyxakpvgnm/Build/Intermediates.noindex/Itinero.build/Debug-iphoneos/Itinero.build/Objects-normal/arm64/Itinero_const_extract_protocols.json -enable-experimental-feature DebugDescriptionMacro -enable-bare-slash-regex -empty-abi-descriptor -validate-clang-modules-once -clang-build-session-file /Users/tobiadegoroye/Library/Developer/Xcode/DerivedData/ModuleCache.noindex/Session.modulevalidation -Xcc -working-directory -Xcc /Users/tobiadegoroye/Developer/SwiftUI/Triply -enable-anonymous-context-mangled-names -file-compilation-dir /Users/tobiadegoroye/Developer/SwiftUI/Triply -Xcc -D_LIBCPP_HARDENING_MODE\=_LIBCPP_HARDENING_MODE_DEBUG -Xcc -ivfsstatcache -Xcc /Users/tobiadegoroye/Library/Developer/Xcode/DerivedData/SDKStatCaches.noindex/iphoneos26.1-23B77-69b33fc7382b27d9b5d46e82a00f8e78.sdkstatcache -Xcc -I/Users/tobiadegoroye/Library/Developer/Xcode/DerivedData/Itinero-ddatanvrushtpeefdltyxakpvgnm/Build/Intermediates.noindex/Itinero.build/Debug-iphoneos/Itinero.build/swift-overrides.hmap -Xcc -iquote -Xcc /Users/tobiadegoroye/Library/Developer/Xcode/DerivedData/Itinero-ddatanvrushtpeefdltyxakpvgnm/Build/Intermediates.noindex/Itinero.build/Debug-iphoneos/Itinero.build/Itinero-generated-files.hmap -Xcc -I/Users/tobiadegoroye/Library/Developer/Xcode/DerivedData/Itinero-ddatanvrushtpeefdltyxakpvgnm/Build/Intermediates.noindex/Itinero.build/Debug-iphoneos/Itinero.build/Itinero-own-target-headers.hmap -Xcc -I/Users/tobiadegoroye/Library/Developer/Xcode/DerivedData/Itinero-ddatanvrushtpeefdltyxakpvgnm/Build/Intermediates.noindex/Itinero.build/Debug-iphoneos/Itinero.build/Itinero-all-non-framework-target-headers.hmap -Xcc -ivfsoverlay -Xcc /Users/tobiadegoroye/Library/Developer/Xcode/DerivedData/Itinero-ddatanvrushtpeefdltyxakpvgnm/Build/Intermediates.noindex/Itinero.build/Debug-iphoneos/Itinero-6ccf2cd472bd10a46b113a7348446068-VFS-iphoneos/all-product-headers.yaml -Xcc -iquote -Xcc /Users/tobiadegoroye/Library/Developer/Xcode/DerivedData/Itinero-ddatanvrushtpeefdltyxakpvgnm/Build/Intermediates.noindex/Itinero.build/Debug-iphoneos/Itinero.build/Itinero-project-headers.hmap -Xcc -I/Users/tobiadegoroye/Library/Developer/Xcode/DerivedData/Itinero-ddatanvrushtpeefdltyxakpvgnm/Build/Products/Debug-iphoneos/include -Xcc -I/Users/tobiadegoroye/Library/Developer/Xcode/DerivedData/Itinero-ddatanvrushtpeefdltyxakpvgnm/Build/Intermediates.noindex/Itinero.build/Debug-iphoneos/Itinero.build/DerivedSources-normal/arm64 -Xcc -I/Users/tobiadegoroye/Library/Developer/Xcode/DerivedData/Itinero-ddatanvrushtpeefdltyxakpvgnm/Build/Intermediates.noindex/Itinero.build/Debug-iphoneos/Itinero.build/DerivedSources/arm64 -Xcc -I/Users/tobiadegoroye/Library/Developer/Xcode/DerivedData/Itinero-ddatanvrushtpeefdltyxakpvgnm/Build/Intermediates.noindex/Itinero.build/Debug-iphoneos/Itinero.build/DerivedSources -Xcc -DDEBUG\=1 -no-auto-bridging-header-chaining -module-name Itinero -frontend-parseable-output -disable-clang-spi -target-sdk-version 26.1 -target-sdk-name iphoneos26.1 -clang-target arm64-apple-ios26.1 -in-process-plugin-server-path /Applications/Xcode.app/Contents/Developer/Toolchains/XcodeDefault.xctoolchain/usr/lib/swift/host/libSwiftInProcPluginServer.dylib -o /Users/tobiadegoroye/Library/Developer/Xcode/DerivedData/Itinero-ddatanvrushtpeefdltyxakpvgnm/Build/Intermediates.noindex/Itinero.build/Debug-iphoneos/Itinero.build/Objects-normal/arm64/SettingsView.o -index-unit-output-path /Itinero.build/Debug-iphoneos/Itinero.build/Objects-normal/arm64/SettingsView.o -index-store-path /Users/tobiadegoroye/Library/Developer/Xcode/DerivedData/Itinero-ddatanvrushtpeefdltyxakpvgnm/Index.noindex/DataStore -index-system-modules
SwiftEmitModule normal arm64 Emitting\ module\ for\ Itinero (in target 'Itinero' from project 'Itinero')
EmitSwiftModule normal arm64 (in target 'Itinero' from project 'Itinero')
    cd /Users/tobiadegoroye/Developer/SwiftUI/Triply
    

SwiftCompile normal arm64 Compiling\ AIExpenseInsightsCard.swift /Users/tobiadegoroye/Developer/SwiftUI/Triply/Views/AIExpenseInsightsCard.swift (in target 'Itinero' from project 'Itinero')

SwiftCompile normal arm64 /Users/tobiadegoroye/Developer/SwiftUI/Triply/Views/AIExpenseInsightsCard.swift (in target 'Itinero' from project 'Itinero')
    cd /Users/tobiadegoroye/Developer/SwiftUI/Triply
    

SwiftDriverJobDiscovery normal arm64 Compiling AIExpenseInsightsCard.swift (in target 'Itinero' from project 'Itinero')

** BUILD FAILED **


The following build commands failed:
	SwiftCompile normal arm64 /Users/tobiadegoroye/Developer/SwiftUI/Triply/Views/SettingsView.swift (in target 'Itinero' from project 'Itinero')
	SwiftCompile normal arm64 Compiling\ SettingsView.swift /Users/tobiadegoroye/Developer/SwiftUI/Triply/Views/SettingsView.swift (in target 'Itinero' from project 'Itinero')
	Building project Itinero with scheme Itinero
(3 failures)
